[init] model=phi4:14b target=1000 already_done=704
[init] built 1080 combos across 90 subjects
[gen]  705/1000  rate=0.05/s  eta=94.8m  last=full_page/login_signup
[gen]  706/1000  rate=0.03/s  eta=146.6m  last=component/magnetic_cta_button
[gen]  707/1000  rate=0.04/s  eta=122.8m  last=layout_pattern/split_screen_scroll
[gen]  708/1000  rate=0.04/s  eta=111.5m  last=component/3d_tilt_card
[gen]  709/1000  rate=0.05/s  eta=107.7m  last=page_section/feature_bento
[gen]  710/1000  rate=0.05/s  eta=105.5m  last=background_effect/cinematic_loader_screen
[gen]  711/1000  rate=0.05/s  eta=103.4m  last=page_section/video_hero
[gen]  712/1000  rate=0.05/s  eta=100.7m  last=layout_pattern/horizontal_scroll_section
[gen]  713/1000  rate=0.05/s  eta=101.2m  last=component/sidebar_drawer
[gen]  714/1000  rate=0.05/s  eta=101.4m  last=page_section/testimonials_marquee
[gen]  715/1000  rate=0.05/s  eta=101.2m  last=page_section/stats_counter
[gen]  716/1000  rate=0.05/s  eta=100.5m  last=full_page/about_page
[gen]  717/1000  rate=0.05/s  eta=99.0m  last=component/mega_menu
[gen]  718/1000  rate=0.05/s  eta=97.3m  last=component/tag_chip
[gen]  719/1000  rate=0.05/s  eta=96.2m  last=background_effect/scroll_progress_bar
[gen]  720/1000  rate=0.05/s  eta=95.0m  last=page_section/timeline_journey
[gen]  721/1000  rate=0.05/s  eta=94.3m  last=component/floating_dock
[gen]  722/1000  rate=0.05/s  eta=92.7m  last=micro_interaction/drag_to_reorder
[gen]  723/1000  rate=0.05/s  eta=91.9m  last=page_section/cta_finale
[gen]  724/1000  rate=0.05/s  eta=91.1m  last=page_section/before_after_slider
[gen]  725/1000  rate=0.05/s  eta=90.1m  last=full_page/coming_soon
[gen]  726/1000  rate=0.05/s  eta=89.0m  last=page_section/metric_hero
[gen]  727/1000  rate=0.05/s  eta=88.3m  last=micro_interaction/gesture_swipe_card
[gen]  728/1000  rate=0.05/s  eta=87.8m  last=full_page/about_page
[gen]  729/1000  rate=0.05/s  eta=87.1m  last=full_page/pricing_page
[gen]  730/1000  rate=0.05/s  eta=86.3m  last=page_section/footer_gradient
[gen]  731/1000  rate=0.05/s  eta=85.6m  last=component/animated_navbar
[gen]  732/1000  rate=0.05/s  eta=85.3m  last=component/sidebar_drawer
[gen]  733/1000  rate=0.05/s  eta=84.8m  last=page_section/timeline_journey
[gen]  734/1000  rate=0.05/s  eta=83.9m  last=full_page/blog_index
[gen]  735/1000  rate=0.05/s  eta=83.8m  last=page_section/testimonials_marquee
[gen]  736/1000  rate=0.05/s  eta=83.1m  last=component/pagination
[gen]  737/1000  rate=0.05/s  eta=82.2m  last=micro_interaction/magnetic_cursor
[gen]  738/1000  rate=0.05/s  eta=81.6m  last=component/tag_chip
[gen]  739/1000  rate=0.05/s  eta=80.7m  last=page_section/scroll_storytelling
[gen]  740/1000  rate=0.05/s  eta=80.8m  last=component/progress_indicator
[gen]  741/1000  rate=0.05/s  eta=80.7m  last=page_section/feature_bento
[gen]  742/1000  rate=0.05/s  eta=80.0m  last=micro_interaction/typewriter_reveal
[gen]  743/1000  rate=0.05/s  eta=79.6m  last=page_section/case_study_split
[gen]  744/1000  rate=0.05/s  eta=79.0m  last=page_section/interactive_demo
[gen]  745/1000  rate=0.05/s  eta=78.4m  last=component/code_snippet_block
[gen]  746/1000  rate=0.05/s  eta=77.8m  last=component/breadcrumb_trail
[gen]  747/1000  rate=0.05/s  eta=77.5m  last=full_page/landing_page
[gen]  748/1000  rate=0.05/s  eta=77.0m  last=page_section/stats_counter
[gen]  749/1000  rate=0.05/s  eta=76.3m  last=page_section/kinetic_typography_intro
[gen]  750/1000  rate=0.05/s  eta=76.2m  last=layout_pattern/pinned_section_chapters
[gen]  751/1000  rate=0.05/s  eta=75.8m  last=component/glow_card
[gen]  752/1000  rate=0.05/s  eta=75.3m  last=layout_pattern/masonry_responsive
[gen]  753/1000  rate=0.06/s  eta=74.8m  last=page_section/hero
[gen]  754/1000  rate=0.06/s  eta=74.3m  last=background_effect/grid_pattern_bg
[gen]  755/1000  rate=0.06/s  eta=73.9m  last=page_section/team_grid
[gen]  756/1000  rate=0.06/s  eta=73.3m  last=page_section/faq_accordion
[gen]  757/1000  rate=0.06/s  eta=72.7m  last=background_effect/liquid_blob_morph
[gen]  758/1000  rate=0.06/s  eta=72.2m  last=page_section/feature_carousel
[gen]  759/1000  rate=0.06/s  eta=72.0m  last=layout_pattern/sticky_aside
[gen]  760/1000  rate=0.06/s  eta=71.6m  last=component/tooltip_rich
[gen]  761/1000  rate=0.06/s  eta=71.3m  last=page_section/comparison_table
[gen]  762/1000  rate=0.06/s  eta=71.0m  last=micro_interaction/pull_to_refresh
[gen]  763/1000  rate=0.06/s  eta=70.5m  last=component/animated_form
[gen]  764/1000  rate=0.06/s  eta=70.3m  last=micro_interaction/ripple_click
[gen]  765/1000  rate=0.06/s  eta=69.8m  last=page_section/blog_masonry
[gen]  766/1000  rate=0.06/s  eta=69.4m  last=page_section/newsletter_signup
[gen]  767/1000  rate=0.06/s  eta=69.1m  last=component/avatar_stack
[gen]  768/1000  rate=0.06/s  eta=68.7m  last=page_section/scroll_zoom_reveal
[gen]  769/1000  rate=0.06/s  eta=68.3m  last=component/modal_dialog
[gen]  770/1000  rate=0.06/s  eta=67.8m  last=page_section/command_palette_demo
[gen]  771/1000  rate=0.06/s  eta=67.5m  last=component/mega_menu
[gen]  772/1000  rate=0.06/s  eta=67.1m  last=background_effect/particle_field
